23:05:42 **** Build of project hello_world_bsp ****
make -k all 
Running Make include in ps7_cortexa9_0/libsrc/dmaps_v2_3/src
make -C ps7_cortexa9_0/libsrc/dmaps_v2_3/src -s include  "SHELL=/bin/sh" "COMPILER=arm-none-eabi-gcc" "ARCHIVER=arm-none-eabi-ar" "COMPILER_FLAGS=  -O2 -c" "EXTRA_COMPILER_FLAGS=-mcpu=cortex-a9 -mfpu=vfpv3 -mfloat-abi=hard -nostartfiles -Wall -Wextra"
Running Make include in ps7_cortexa9_0/libsrc/ddrps_v1_0/src
make -C ps7_cortexa9_0/libsrc/ddrps_v1_0/src -s include  "SHELL=/bin/sh" "COMPILER=arm-none-eabi-gcc" "ARCHIVER=arm-none-eabi-ar" "COMPILER_FLAGS=  -O2 -c" "EXTRA_COMPILER_FLAGS=-mcpu=cortex-a9 -mfpu=vfpv3 -mfloat-abi=hard -nostartfiles -Wall -Wextra"
Running Make include in ps7_cortexa9_0/libsrc/gpiops_v3_3/src
make -C ps7_cortexa9_0/libsrc/gpiops_v3_3/src -s include  "SHELL=/bin/sh" "COMPILER=arm-none-eabi-gcc" "ARCHIVER=arm-none-eabi-ar" "COMPILER_FLAGS=  -O2 -c" "EXTRA_COMPILER_FLAGS=-mcpu=cortex-a9 -mfpu=vfpv3 -mfloat-abi=hard -nostartfiles -Wall -Wextra"
Running Make include in ps7_cortexa9_0/libsrc/scugic_v3_8/src
make -C ps7_cortexa9_0/libsrc/scugic_v3_8/src -s include  "SHELL=/bin/sh" "COMPILER=arm-none-eabi-gcc" "ARCHIVER=arm-none-eabi-ar" "COMPILER_FLAGS=  -O2 -c" "EXTRA_COMPILER_FLAGS=-mcpu=cortex-a9 -mfpu=vfpv3 -mfloat-abi=hard -nostartfiles -Wall -Wextra"
Running Make include in ps7_cortexa9_0/libsrc/User_DMA_v1_0/src
make -C ps7_cortexa9_0/libsrc/User_DMA_v1_0/src -s include  "SHELL=/bin/sh" "COMPILER=arm-none-eabi-gcc" "ARCHIVER=arm-none-eabi-ar" "COMPILER_FLAGS=  -O2 -c" "EXTRA_COMPILER_FLAGS=-mcpu=cortex-a9 -mfpu=vfpv3 -mfloat-abi=hard -nostartfiles -Wall -Wextra"
Running Make include in ps7_cortexa9_0/libsrc/standalone_v6_5/src
make -C ps7_cortexa9_0/libsrc/standalone_v6_5/src -s include  "SHELL=/bin/sh" "COMPILER=arm-none-eabi-gcc" "ARCHIVER=arm-none-eabi-ar" "COMPILER_FLAGS=  -O2 -c" "EXTRA_COMPILER_FLAGS=-mcpu=cortex-a9 -mfpu=vfpv3 -mfloat-abi=hard -nostartfiles -Wall -Wextra"
Running Make include in ps7_cortexa9_0/libsrc/cpu_cortexa9_v2_5/src
make -C ps7_cortexa9_0/libsrc/cpu_cortexa9_v2_5/src -s include  "SHELL=/bin/sh" "COMPILER=arm-none-eabi-gcc" "ARCHIVER=arm-none-eabi-ar" "COMPILER_FLAGS=  -O2 -c" "EXTRA_COMPILER_FLAGS=-mcpu=cortex-a9 -mfpu=vfpv3 -mfloat-abi=hard -nostartfiles -Wall -Wextra"
Running Make include in ps7_cortexa9_0/libsrc/xadcps_v2_2/src
make -C ps7_cortexa9_0/libsrc/xadcps_v2_2/src -s include  "SHELL=/bin/sh" "COMPILER=arm-none-eabi-gcc" "ARCHIVER=arm-none-eabi-ar" "COMPILER_FLAGS=  -O2 -c" "EXTRA_COMPILER_FLAGS=-mcpu=cortex-a9 -mfpu=vfpv3 -mfloat-abi=hard -nostartfiles -Wall -Wextra"
Running Make include in ps7_cortexa9_0/libsrc/devcfg_v3_5/src
make -C ps7_cortexa9_0/libsrc/devcfg_v3_5/src -s include  "SHELL=/bin/sh" "COMPILER=arm-none-eabi-gcc" "ARCHIVER=arm-none-eabi-ar" "COMPILER_FLAGS=  -O2 -c" "EXTRA_COMPILER_FLAGS=-mcpu=cortex-a9 -mfpu=vfpv3 -mfloat-abi=hard -nostartfiles -Wall -Wextra"
Running Make include in ps7_cortexa9_0/libsrc/scuwdt_v2_1/src
make -C ps7_cortexa9_0/libsrc/scuwdt_v2_1/src -s include  "SHELL=/bin/sh" "COMPILER=arm-none-eabi-gcc" "ARCHIVER=arm-none-eabi-ar" "COMPILER_FLAGS=  -O2 -c" "EXTRA_COMPILER_FLAGS=-mcpu=cortex-a9 -mfpu=vfpv3 -mfloat-abi=hard -nostartfiles -Wall -Wextra"
Running Make include in ps7_cortexa9_0/libsrc/coresightps_dcc_v1_4/src
make -C ps7_cortexa9_0/libsrc/coresightps_dcc_v1_4/src -s include  "SHELL=/bin/sh" "COMPILER=arm-none-eabi-gcc" "ARCHIVER=arm-none-eabi-ar" "COMPILER_FLAGS=  -O2 -c" "EXTRA_COMPILER_FLAGS=-mcpu=cortex-a9 -mfpu=vfpv3 -mfloat-abi=hard -nostartfiles -Wall -Wextra"
Running Make include in ps7_cortexa9_0/libsrc/uartps_v3_5/src
make -C ps7_cortexa9_0/libsrc/uartps_v3_5/src -s include  "SHELL=/bin/sh" "COMPILER=arm-none-eabi-gcc" "ARCHIVER=arm-none-eabi-ar" "COMPILER_FLAGS=  -O2 -c" "EXTRA_COMPILER_FLAGS=-mcpu=cortex-a9 -mfpu=vfpv3 -mfloat-abi=hard -nostartfiles -Wall -Wextra"
Running Make include in ps7_cortexa9_0/libsrc/scutimer_v2_1/src
make -C ps7_cortexa9_0/libsrc/scutimer_v2_1/src -s include  "SHELL=/bin/sh" "COMPILER=arm-none-eabi-gcc" "ARCHIVER=arm-none-eabi-ar" "COMPILER_FLAGS=  -O2 -c" "EXTRA_COMPILER_FLAGS=-mcpu=cortex-a9 -mfpu=vfpv3 -mfloat-abi=hard -nostartfiles -Wall -Wextra"
Running Make libs in ps7_cortexa9_0/libsrc/dmaps_v2_3/src
make -C ps7_cortexa9_0/libsrc/dmaps_v2_3/src -s libs  "SHELL=/bin/sh" "COMPILER=arm-none-eabi-gcc" "ARCHIVER=arm-none-eabi-ar" "COMPILER_FLAGS=  -O2 -c" "EXTRA_COMPILER_FLAGS=-mcpu=cortex-a9 -mfpu=vfpv3 -mfloat-abi=hard -nostartfiles -Wall -Wextra"
Compiling dmaps
arm-none-eabi-ar: 正在创建 ../../../lib/libxil.a
Running Make libs in ps7_cortexa9_0/libsrc/ddrps_v1_0/src
make -C ps7_cortexa9_0/libsrc/ddrps_v1_0/src -s libs  "SHELL=/bin/sh" "COMPILER=arm-none-eabi-gcc" "ARCHIVER=arm-none-eabi-ar" "COMPILER_FLAGS=  -O2 -c" "EXTRA_COMPILER_FLAGS=-mcpu=cortex-a9 -mfpu=vfpv3 -mfloat-abi=hard -nostartfiles -Wall -Wextra"
Compiling ddrps
Running Make libs in ps7_cortexa9_0/libsrc/gpiops_v3_3/src
make -C ps7_cortexa9_0/libsrc/gpiops_v3_3/src -s libs  "SHELL=/bin/sh" "COMPILER=arm-none-eabi-gcc" "ARCHIVER=arm-none-eabi-ar" "COMPILER_FLAGS=  -O2 -c" "EXTRA_COMPILER_FLAGS=-mcpu=cortex-a9 -mfpu=vfpv3 -mfloat-abi=hard -nostartfiles -Wall -Wextra"
Compiling gpiops
Running Make libs in ps7_cortexa9_0/libsrc/scugic_v3_8/src
make -C ps7_cortexa9_0/libsrc/scugic_v3_8/src -s libs  "SHELL=/bin/sh" "COMPILER=arm-none-eabi-gcc" "ARCHIVER=arm-none-eabi-ar" "COMPILER_FLAGS=  -O2 -c" "EXTRA_COMPILER_FLAGS=-mcpu=cortex-a9 -mfpu=vfpv3 -mfloat-abi=hard -nostartfiles -Wall -Wextra"
Compiling scugic
Running Make libs in ps7_cortexa9_0/libsrc/User_DMA_v1_0/src
make -C ps7_cortexa9_0/libsrc/User_DMA_v1_0/src -s libs  "SHELL=/bin/sh" "COMPILER=arm-none-eabi-gcc" "ARCHIVER=arm-none-eabi-ar" "COMPILER_FLAGS=  -O2 -c" "EXTRA_COMPILER_FLAGS=-mcpu=cortex-a9 -mfpu=vfpv3 -mfloat-abi=hard -nostartfiles -Wall -Wextra"
Compiling User_DMA...
User_DMA_selftest.c: In function 'USER_DMA_Reg_SelfTest':
User_DMA_selftest.c:52:57: warning: comparison between signed and unsigned integer expressions [-Wsign-compare]
    if ( USER_DMA_mReadReg (baseaddr, read_loop_index*4) != (read_loop_index+1)*READ_WRITE_MUL_FACTOR){
                                                         ^~
User_DMA_selftest.c:36:6: warning: unused variable 'Index' [-Wunused-variable]
  int Index;
      ^~~~~
Running Make libs in ps7_cortexa9_0/libsrc/standalone_v6_5/src
make -C ps7_cortexa9_0/libsrc/standalone_v6_5/src -s libs  "SHELL=/bin/sh" "COMPILER=arm-none-eabi-gcc" "ARCHIVER=arm-none-eabi-ar" "COMPILER_FLAGS=  -O2 -c" "EXTRA_COMPILER_FLAGS=-mcpu=cortex-a9 -mfpu=vfpv3 -mfloat-abi=hard -nostartfiles -Wall -Wextra"
Compiling standalone
Running Make libs in ps7_cortexa9_0/libsrc/cpu_cortexa9_v2_5/src
make -C ps7_cortexa9_0/libsrc/cpu_cortexa9_v2_5/src -s libs  "SHELL=/bin/sh" "COMPILER=arm-none-eabi-gcc" "ARCHIVER=arm-none-eabi-ar" "COMPILER_FLAGS=  -O2 -c" "EXTRA_COMPILER_FLAGS=-mcpu=cortex-a9 -mfpu=vfpv3 -mfloat-abi=hard -nostartfiles -Wall -Wextra"
Compiling cpu_cortexa9
Running Make libs in ps7_cortexa9_0/libsrc/xadcps_v2_2/src
make -C ps7_cortexa9_0/libsrc/xadcps_v2_2/src -s libs  "SHELL=/bin/sh" "COMPILER=arm-none-eabi-gcc" "ARCHIVER=arm-none-eabi-ar" "COMPILER_FLAGS=  -O2 -c" "EXTRA_COMPILER_FLAGS=-mcpu=cortex-a9 -mfpu=vfpv3 -mfloat-abi=hard -nostartfiles -Wall -Wextra"
Compiling xadcps
Running Make libs in ps7_cortexa9_0/libsrc/devcfg_v3_5/src
make -C ps7_cortexa9_0/libsrc/devcfg_v3_5/src -s libs  "SHELL=/bin/sh" "COMPILER=arm-none-eabi-gcc" "ARCHIVER=arm-none-eabi-ar" "COMPILER_FLAGS=  -O2 -c" "EXTRA_COMPILER_FLAGS=-mcpu=cortex-a9 -mfpu=vfpv3 -mfloat-abi=hard -nostartfiles -Wall -Wextra"
Compiling devcfg
Running Make libs in ps7_cortexa9_0/libsrc/scuwdt_v2_1/src
make -C ps7_cortexa9_0/libsrc/scuwdt_v2_1/src -s libs  "SHELL=/bin/sh" "COMPILER=arm-none-eabi-gcc" "ARCHIVER=arm-none-eabi-ar" "COMPILER_FLAGS=  -O2 -c" "EXTRA_COMPILER_FLAGS=-mcpu=cortex-a9 -mfpu=vfpv3 -mfloat-abi=hard -nostartfiles -Wall -Wextra"
Compiling scuwdt
Running Make libs in ps7_cortexa9_0/libsrc/coresightps_dcc_v1_4/src
make -C ps7_cortexa9_0/libsrc/coresightps_dcc_v1_4/src -s libs  "SHELL=/bin/sh" "COMPILER=arm-none-eabi-gcc" "ARCHIVER=arm-none-eabi-ar" "COMPILER_FLAGS=  -O2 -c" "EXTRA_COMPILER_FLAGS=-mcpu=cortex-a9 -mfpu=vfpv3 -mfloat-abi=hard -nostartfiles -Wall -Wextra"
Compiling coresightps_dcc
Running Make libs in ps7_cortexa9_0/libsrc/uartps_v3_5/src
make -C ps7_cortexa9_0/libsrc/uartps_v3_5/src -s libs  "SHELL=/bin/sh" "COMPILER=arm-none-eabi-gcc" "ARCHIVER=arm-none-eabi-ar" "COMPILER_FLAGS=  -O2 -c" "EXTRA_COMPILER_FLAGS=-mcpu=cortex-a9 -mfpu=vfpv3 -mfloat-abi=hard -nostartfiles -Wall -Wextra"
Compiling uartps
Running Make libs in ps7_cortexa9_0/libsrc/scutimer_v2_1/src
make -C ps7_cortexa9_0/libsrc/scutimer_v2_1/src -s libs  "SHELL=/bin/sh" "COMPILER=arm-none-eabi-gcc" "ARCHIVER=arm-none-eabi-ar" "COMPILER_FLAGS=  -O2 -c" "EXTRA_COMPILER_FLAGS=-mcpu=cortex-a9 -mfpu=vfpv3 -mfloat-abi=hard -nostartfiles -Wall -Wextra"
Compiling scutimer
Finished building libraries
23:05:49 **** Build of configuration Debug for project hello_world ****
make pre-build main-build 
a9-linaro-pre-build-step
 
Building file: ../src/helloworld.c
Invoking: ARM v7 gcc compiler
arm-none-eabi-gcc -Wall -O0 -g3 -c -fmessage-length=0 -MT"src/helloworld.o" -mcpu=cortex-a9 -mfpu=vfpv3 -mfloat-abi=hard -I../../hello_world_bsp/ps7_cortexa9_0/include -MMD -MP -MF"src/helloworld.d" -MT"src/helloworld.o" -o "src/helloworld.o" "../src/helloworld.c"
Finished building: ../src/helloworld.c
 
Building file: ../src/platform.c
Invoking: ARM v7 gcc compiler
arm-none-eabi-gcc -Wall -O0 -g3 -c -fmessage-length=0 -MT"src/platform.o" -mcpu=cortex-a9 -mfpu=vfpv3 -mfloat-abi=hard -I../../hello_world_bsp/ps7_cortexa9_0/include -MMD -MP -MF"src/platform.d" -MT"src/platform.o" -o "src/platform.o" "../src/platform.c"
Finished building: ../src/platform.c
 
Building target: hello_world.elf
Invoking: ARM v7 gcc linker
arm-none-eabi-gcc -mcpu=cortex-a9 -mfpu=vfpv3 -mfloat-abi=hard -Wl,-build-id=none -specs=Xilinx.spec -Wl,-T -Wl,../src/lscript.ld -L../../hello_world_bsp/ps7_cortexa9_0/lib -o "hello_world.elf"  ./src/helloworld.o ./src/platform.o   -Wl,--start-group,-lxil,-lgcc,-lc,--end-group
Finished building target: hello_world.elf
 
Invoking: ARM v7 Print Size
arm-none-eabi-size hello_world.elf  |tee "hello_world.elf.size"
   text	   data	    bss	    dec	    hex	filename
  19384	   1148	  22568	  43100	   a85c	hello_world.elf
Finished building: hello_world.elf.size
 
23:08:20 **** Incremental Build of configuration Debug for project hello_world ****
make pre-build main-build 
a9-linaro-pre-build-step
 
make: Nothing to be done for 'main-build'.
23:08:43 **** Incremental Build of configuration Debug for project hello_world ****
make pre-build main-build 
a9-linaro-pre-build-step
 
make: Nothing to be done for 'main-build'.
23:09:06 **** Incremental Build of configuration Debug for project hello_world ****
make pre-build main-build 
a9-linaro-pre-build-step
 
make: Nothing to be done for 'main-build'.
23:09:52 **** Incremental Build of configuration Debug for project hello_world ****
make pre-build main-build 
a9-linaro-pre-build-step
 
make: Nothing to be done for 'main-build'.
23:12:21 **** Incremental Build of configuration Debug for project hello_world ****
make pre-build main-build 
a9-linaro-pre-build-step
 
make: Nothing to be done for 'main-build'.
23:14:13 **** Incremental Build of configuration Debug for project hello_world ****
make pre-build main-build 
a9-linaro-pre-build-step
 
make: Nothing to be done for 'main-build'.
23:14:27 **** Incremental Build of configuration Debug for project hello_world ****
make pre-build main-build 
a9-linaro-pre-build-step
 
make: Nothing to be done for 'main-build'.
23:15:39 **** Incremental Build of configuration Debug for project hello_world ****
make pre-build main-build 
a9-linaro-pre-build-step
 
make: Nothing to be done for 'main-build'.
23:19:45 **** Incremental Build of configuration Debug for project hello_world ****
make pre-build main-build 
a9-linaro-pre-build-step
 
make: Nothing to be done for 'main-build'.
23:22:54 **** Incremental Build of configuration Debug for project hello_world ****
make pre-build main-build 
a9-linaro-pre-build-step
 
make: Nothing to be done for 'main-build'.
23:25:45 **** Incremental Build of configuration Debug for project hello_world ****
make pre-build main-build 
a9-linaro-pre-build-step
 
make: Nothing to be done for 'main-build'.
23:26:05 **** Incremental Build of configuration Debug for project hello_world ****
make pre-build main-build 
a9-linaro-pre-build-step
 
make: Nothing to be done for 'main-build'.
23:26:25 **** Incremental Build of configuration Debug for project hello_world ****
make pre-build main-build 
a9-linaro-pre-build-step
 
make: Nothing to be done for 'main-build'.
23:28:44 **** Build of project test_dma_bsp ****
make -k all 
Running Make include in ps7_cortexa9_0/libsrc/dmaps_v2_3/src
make -C ps7_cortexa9_0/libsrc/dmaps_v2_3/src -s include  "SHELL=/bin/sh" "COMPILER=arm-none-eabi-gcc" "ARCHIVER=arm-none-eabi-ar" "COMPILER_FLAGS=  -O2 -c" "EXTRA_COMPILER_FLAGS=-mcpu=cortex-a9 -mfpu=vfpv3 -mfloat-abi=hard -nostartfiles -Wall -Wextra"
Running Make include in ps7_cortexa9_0/libsrc/ddrps_v1_0/src
make -C ps7_cortexa9_0/libsrc/ddrps_v1_0/src -s include  "SHELL=/bin/sh" "COMPILER=arm-none-eabi-gcc" "ARCHIVER=arm-none-eabi-ar" "COMPILER_FLAGS=  -O2 -c" "EXTRA_COMPILER_FLAGS=-mcpu=cortex-a9 -mfpu=vfpv3 -mfloat-abi=hard -nostartfiles -Wall -Wextra"
Running Make include in ps7_cortexa9_0/libsrc/gpiops_v3_3/src
make -C ps7_cortexa9_0/libsrc/gpiops_v3_3/src -s include  "SHELL=/bin/sh" "COMPILER=arm-none-eabi-gcc" "ARCHIVER=arm-none-eabi-ar" "COMPILER_FLAGS=  -O2 -c" "EXTRA_COMPILER_FLAGS=-mcpu=cortex-a9 -mfpu=vfpv3 -mfloat-abi=hard -nostartfiles -Wall -Wextra"
Running Make include in ps7_cortexa9_0/libsrc/scugic_v3_8/src
make -C ps7_cortexa9_0/libsrc/scugic_v3_8/src -s include  "SHELL=/bin/sh" "COMPILER=arm-none-eabi-gcc" "ARCHIVER=arm-none-eabi-ar" "COMPILER_FLAGS=  -O2 -c" "EXTRA_COMPILER_FLAGS=-mcpu=cortex-a9 -mfpu=vfpv3 -mfloat-abi=hard -nostartfiles -Wall -Wextra"
Running Make include in ps7_cortexa9_0/libsrc/User_DMA_v1_0/src
make -C ps7_cortexa9_0/libsrc/User_DMA_v1_0/src -s include  "SHELL=/bin/sh" "COMPILER=arm-none-eabi-gcc" "ARCHIVER=arm-none-eabi-ar" "COMPILER_FLAGS=  -O2 -c" "EXTRA_COMPILER_FLAGS=-mcpu=cortex-a9 -mfpu=vfpv3 -mfloat-abi=hard -nostartfiles -Wall -Wextra"
Running Make include in ps7_cortexa9_0/libsrc/standalone_v6_5/src
make -C ps7_cortexa9_0/libsrc/standalone_v6_5/src -s include  "SHELL=/bin/sh" "COMPILER=arm-none-eabi-gcc" "ARCHIVER=arm-none-eabi-ar" "COMPILER_FLAGS=  -O2 -c" "EXTRA_COMPILER_FLAGS=-mcpu=cortex-a9 -mfpu=vfpv3 -mfloat-abi=hard -nostartfiles -Wall -Wextra"
Running Make include in ps7_cortexa9_0/libsrc/cpu_cortexa9_v2_5/src
make -C ps7_cortexa9_0/libsrc/cpu_cortexa9_v2_5/src -s include  "SHELL=/bin/sh" "COMPILER=arm-none-eabi-gcc" "ARCHIVER=arm-none-eabi-ar" "COMPILER_FLAGS=  -O2 -c" "EXTRA_COMPILER_FLAGS=-mcpu=cortex-a9 -mfpu=vfpv3 -mfloat-abi=hard -nostartfiles -Wall -Wextra"
Running Make include in ps7_cortexa9_0/libsrc/xadcps_v2_2/src
make -C ps7_cortexa9_0/libsrc/xadcps_v2_2/src -s include  "SHELL=/bin/sh" "COMPILER=arm-none-eabi-gcc" "ARCHIVER=arm-none-eabi-ar" "COMPILER_FLAGS=  -O2 -c" "EXTRA_COMPILER_FLAGS=-mcpu=cortex-a9 -mfpu=vfpv3 -mfloat-abi=hard -nostartfiles -Wall -Wextra"
Running Make include in ps7_cortexa9_0/libsrc/devcfg_v3_5/src
make -C ps7_cortexa9_0/libsrc/devcfg_v3_5/src -s include  "SHELL=/bin/sh" "COMPILER=arm-none-eabi-gcc" "ARCHIVER=arm-none-eabi-ar" "COMPILER_FLAGS=  -O2 -c" "EXTRA_COMPILER_FLAGS=-mcpu=cortex-a9 -mfpu=vfpv3 -mfloat-abi=hard -nostartfiles -Wall -Wextra"
Running Make include in ps7_cortexa9_0/libsrc/scuwdt_v2_1/src
make -C ps7_cortexa9_0/libsrc/scuwdt_v2_1/src -s include  "SHELL=/bin/sh" "COMPILER=arm-none-eabi-gcc" "ARCHIVER=arm-none-eabi-ar" "COMPILER_FLAGS=  -O2 -c" "EXTRA_COMPILER_FLAGS=-mcpu=cortex-a9 -mfpu=vfpv3 -mfloat-abi=hard -nostartfiles -Wall -Wextra"
Running Make include in ps7_cortexa9_0/libsrc/coresightps_dcc_v1_4/src
make -C ps7_cortexa9_0/libsrc/coresightps_dcc_v1_4/src -s include  "SHELL=/bin/sh" "COMPILER=arm-none-eabi-gcc" "ARCHIVER=arm-none-eabi-ar" "COMPILER_FLAGS=  -O2 -c" "EXTRA_COMPILER_FLAGS=-mcpu=cortex-a9 -mfpu=vfpv3 -mfloat-abi=hard -nostartfiles -Wall -Wextra"
Running Make include in ps7_cortexa9_0/libsrc/uartps_v3_5/src
make -C ps7_cortexa9_0/libsrc/uartps_v3_5/src -s include  "SHELL=/bin/sh" "COMPILER=arm-none-eabi-gcc" "ARCHIVER=arm-none-eabi-ar" "COMPILER_FLAGS=  -O2 -c" "EXTRA_COMPILER_FLAGS=-mcpu=cortex-a9 -mfpu=vfpv3 -mfloat-abi=hard -nostartfiles -Wall -Wextra"
Running Make include in ps7_cortexa9_0/libsrc/scutimer_v2_1/src
make -C ps7_cortexa9_0/libsrc/scutimer_v2_1/src -s include  "SHELL=/bin/sh" "COMPILER=arm-none-eabi-gcc" "ARCHIVER=arm-none-eabi-ar" "COMPILER_FLAGS=  -O2 -c" "EXTRA_COMPILER_FLAGS=-mcpu=cortex-a9 -mfpu=vfpv3 -mfloat-abi=hard -nostartfiles -Wall -Wextra"
Running Make libs in ps7_cortexa9_0/libsrc/dmaps_v2_3/src
make -C ps7_cortexa9_0/libsrc/dmaps_v2_3/src -s libs  "SHELL=/bin/sh" "COMPILER=arm-none-eabi-gcc" "ARCHIVER=arm-none-eabi-ar" "COMPILER_FLAGS=  -O2 -c" "EXTRA_COMPILER_FLAGS=-mcpu=cortex-a9 -mfpu=vfpv3 -mfloat-abi=hard -nostartfiles -Wall -Wextra"
Compiling dmaps
arm-none-eabi-ar: 正在创建 ../../../lib/libxil.a
Running Make libs in ps7_cortexa9_0/libsrc/ddrps_v1_0/src
make -C ps7_cortexa9_0/libsrc/ddrps_v1_0/src -s libs  "SHELL=/bin/sh" "COMPILER=arm-none-eabi-gcc" "ARCHIVER=arm-none-eabi-ar" "COMPILER_FLAGS=  -O2 -c" "EXTRA_COMPILER_FLAGS=-mcpu=cortex-a9 -mfpu=vfpv3 -mfloat-abi=hard -nostartfiles -Wall -Wextra"
Compiling ddrps
Running Make libs in ps7_cortexa9_0/libsrc/gpiops_v3_3/src
make -C ps7_cortexa9_0/libsrc/gpiops_v3_3/src -s libs  "SHELL=/bin/sh" "COMPILER=arm-none-eabi-gcc" "ARCHIVER=arm-none-eabi-ar" "COMPILER_FLAGS=  -O2 -c" "EXTRA_COMPILER_FLAGS=-mcpu=cortex-a9 -mfpu=vfpv3 -mfloat-abi=hard -nostartfiles -Wall -Wextra"
Compiling gpiops
Running Make libs in ps7_cortexa9_0/libsrc/scugic_v3_8/src
make -C ps7_cortexa9_0/libsrc/scugic_v3_8/src -s libs  "SHELL=/bin/sh" "COMPILER=arm-none-eabi-gcc" "ARCHIVER=arm-none-eabi-ar" "COMPILER_FLAGS=  -O2 -c" "EXTRA_COMPILER_FLAGS=-mcpu=cortex-a9 -mfpu=vfpv3 -mfloat-abi=hard -nostartfiles -Wall -Wextra"
Compiling scugic
Running Make libs in ps7_cortexa9_0/libsrc/User_DMA_v1_0/src
make -C ps7_cortexa9_0/libsrc/User_DMA_v1_0/src -s libs  "SHELL=/bin/sh" "COMPILER=arm-none-eabi-gcc" "ARCHIVER=arm-none-eabi-ar" "COMPILER_FLAGS=  -O2 -c" "EXTRA_COMPILER_FLAGS=-mcpu=cortex-a9 -mfpu=vfpv3 -mfloat-abi=hard -nostartfiles -Wall -Wextra"
Compiling User_DMA...
User_DMA_selftest.c: In function 'USER_DMA_Reg_SelfTest':
User_DMA_selftest.c:52:57: warning: comparison between signed and unsigned integer expressions [-Wsign-compare]
    if ( USER_DMA_mReadReg (baseaddr, read_loop_index*4) != (read_loop_index+1)*READ_WRITE_MUL_FACTOR){
                                                         ^~
User_DMA_selftest.c:36:6: warning: unused variable 'Index' [-Wunused-variable]
  int Index;
      ^~~~~
Running Make libs in ps7_cortexa9_0/libsrc/standalone_v6_5/src
make -C ps7_cortexa9_0/libsrc/standalone_v6_5/src -s libs  "SHELL=/bin/sh" "COMPILER=arm-none-eabi-gcc" "ARCHIVER=arm-none-eabi-ar" "COMPILER_FLAGS=  -O2 -c" "EXTRA_COMPILER_FLAGS=-mcpu=cortex-a9 -mfpu=vfpv3 -mfloat-abi=hard -nostartfiles -Wall -Wextra"
Compiling standalone
Running Make libs in ps7_cortexa9_0/libsrc/cpu_cortexa9_v2_5/src
make -C ps7_cortexa9_0/libsrc/cpu_cortexa9_v2_5/src -s libs  "SHELL=/bin/sh" "COMPILER=arm-none-eabi-gcc" "ARCHIVER=arm-none-eabi-ar" "COMPILER_FLAGS=  -O2 -c" "EXTRA_COMPILER_FLAGS=-mcpu=cortex-a9 -mfpu=vfpv3 -mfloat-abi=hard -nostartfiles -Wall -Wextra"
Compiling cpu_cortexa9
Running Make libs in ps7_cortexa9_0/libsrc/xadcps_v2_2/src
make -C ps7_cortexa9_0/libsrc/xadcps_v2_2/src -s libs  "SHELL=/bin/sh" "COMPILER=arm-none-eabi-gcc" "ARCHIVER=arm-none-eabi-ar" "COMPILER_FLAGS=  -O2 -c" "EXTRA_COMPILER_FLAGS=-mcpu=cortex-a9 -mfpu=vfpv3 -mfloat-abi=hard -nostartfiles -Wall -Wextra"
Compiling xadcps
Running Make libs in ps7_cortexa9_0/libsrc/devcfg_v3_5/src
make -C ps7_cortexa9_0/libsrc/devcfg_v3_5/src -s libs  "SHELL=/bin/sh" "COMPILER=arm-none-eabi-gcc" "ARCHIVER=arm-none-eabi-ar" "COMPILER_FLAGS=  -O2 -c" "EXTRA_COMPILER_FLAGS=-mcpu=cortex-a9 -mfpu=vfpv3 -mfloat-abi=hard -nostartfiles -Wall -Wextra"
Compiling devcfg
Running Make libs in ps7_cortexa9_0/libsrc/scuwdt_v2_1/src
make -C ps7_cortexa9_0/libsrc/scuwdt_v2_1/src -s libs  "SHELL=/bin/sh" "COMPILER=arm-none-eabi-gcc" "ARCHIVER=arm-none-eabi-ar" "COMPILER_FLAGS=  -O2 -c" "EXTRA_COMPILER_FLAGS=-mcpu=cortex-a9 -mfpu=vfpv3 -mfloat-abi=hard -nostartfiles -Wall -Wextra"
Compiling scuwdt
Running Make libs in ps7_cortexa9_0/libsrc/coresightps_dcc_v1_4/src
make -C ps7_cortexa9_0/libsrc/coresightps_dcc_v1_4/src -s libs  "SHELL=/bin/sh" "COMPILER=arm-none-eabi-gcc" "ARCHIVER=arm-none-eabi-ar" "COMPILER_FLAGS=  -O2 -c" "EXTRA_COMPILER_FLAGS=-mcpu=cortex-a9 -mfpu=vfpv3 -mfloat-abi=hard -nostartfiles -Wall -Wextra"
Compiling coresightps_dcc
Running Make libs in ps7_cortexa9_0/libsrc/uartps_v3_5/src
make -C ps7_cortexa9_0/libsrc/uartps_v3_5/src -s libs  "SHELL=/bin/sh" "COMPILER=arm-none-eabi-gcc" "ARCHIVER=arm-none-eabi-ar" "COMPILER_FLAGS=  -O2 -c" "EXTRA_COMPILER_FLAGS=-mcpu=cortex-a9 -mfpu=vfpv3 -mfloat-abi=hard -nostartfiles -Wall -Wextra"
Compiling uartps
Running Make libs in ps7_cortexa9_0/libsrc/scutimer_v2_1/src
make -C ps7_cortexa9_0/libsrc/scutimer_v2_1/src -s libs  "SHELL=/bin/sh" "COMPILER=arm-none-eabi-gcc" "ARCHIVER=arm-none-eabi-ar" "COMPILER_FLAGS=  -O2 -c" "EXTRA_COMPILER_FLAGS=-mcpu=cortex-a9 -mfpu=vfpv3 -mfloat-abi=hard -nostartfiles -Wall -Wextra"
Compiling scutimer
Finished building libraries

**** Build of configuration Debug for project test_dma ****

Nothing to build for project test_dma

****  of configuration Debug for project test_dma ****

Nothing to build for project test_dma
23:30:59 **** Auto Build of configuration Debug for project test_dma ****
make pre-build main-build 
a9-linaro-pre-build-step
 
Building file: ../src/dma_test.c
Invoking: ARM v7 gcc compiler
arm-none-eabi-gcc -Wall -O0 -g3 -c -fmessage-length=0 -MT"src/dma_test.o" -mcpu=cortex-a9 -mfpu=vfpv3 -mfloat-abi=hard -I../../test_dma_bsp/ps7_cortexa9_0/include -MMD -MP -MF"src/dma_test.d" -MT"src/dma_test.o" -o "src/dma_test.o" "../src/dma_test.c"
Finished building: ../src/dma_test.c
 
Building target: test_dma.elf
Invoking: ARM v7 gcc linker
arm-none-eabi-gcc -mcpu=cortex-a9 -mfpu=vfpv3 -mfloat-abi=hard -Wl,-build-id=none -specs=Xilinx.spec -Wl,-T -Wl,../src/lscript.ld -L../../test_dma_bsp/ps7_cortexa9_0/lib -o "test_dma.elf"  ./src/dma_test.o   -Wl,--start-group,-lxil,-lgcc,-lc,--end-group
../../test_dma_bsp/ps7_cortexa9_0/lib/libxil.a(xil-crt0.o)：在函数‘_start’中：
xil-crt0.S:(.text+0x68)：对‘main’未定义的引用
collect2: error: ld returned 1 exit status
make: *** [test_dma.elf] Error 1
makefile:39: recipe for target 'test_dma.elf' failed
23:32:32 **** Auto Build of configuration Debug for project test_dma ****
make pre-build main-build 
a9-linaro-pre-build-step
 
Building file: ../src/dma_test.c
Invoking: ARM v7 gcc compiler
arm-none-eabi-gcc -Wall -O0 -g3 -c -fmessage-length=0 -MT"src/dma_test.o" -mcpu=cortex-a9 -mfpu=vfpv3 -mfloat-abi=hard -I../../test_dma_bsp/ps7_cortexa9_0/include -MMD -MP -MF"src/dma_test.d" -MT"src/dma_test.o" -o "src/dma_test.o" "../src/dma_test.c"
../src/dma_test.c:6:22: fatal error: platform.h: No such file or directory
 #include "platform.h"
                      ^
compilation terminated.
src/subdir.mk:21: recipe for target 'src/dma_test.o' failed
make: *** [src/dma_test.o] Error 1
23:32:47 **** Auto Build of configuration Debug for project test_dma ****
make pre-build main-build 
a9-linaro-pre-build-step
 
Building file: ../src/dma_test.c
Invoking: ARM v7 gcc compiler
arm-none-eabi-gcc -Wall -O0 -g3 -c -fmessage-length=0 -MT"src/dma_test.o" -mcpu=cortex-a9 -mfpu=vfpv3 -mfloat-abi=hard -I../../test_dma_bsp/ps7_cortexa9_0/include -MMD -MP -MF"src/dma_test.d" -MT"src/dma_test.o" -o "src/dma_test.o" "../src/dma_test.c"
../src/dma_test.c: In function 'disablecache':
../src/dma_test.c:16:2: warning: implicit declaration of function 'Xil_DCacheDisable' [-Wimplicit-function-declaration]
  Xil_DCacheDisable();
  ^~~~~~~~~~~~~~~~~
../src/dma_test.c:17:2: warning: implicit declaration of function 'Xil_ICacheDisable' [-Wimplicit-function-declaration]
  Xil_ICacheDisable();
  ^~~~~~~~~~~~~~~~~
../src/dma_test.c: In function 'main':
../src/dma_test.c:36:6: warning: implicit declaration of function 'SD_Init' [-Wimplicit-function-declaration]
      SD_Init();
      ^~~~~~~
../src/dma_test.c:52:13: error: 'FILE_0' undeclared (first use in this function)
   file_name=FILE_0;
             ^~~~~~
../src/dma_test.c:52:13: note: each undeclared identifier is reported only once for each function it appears in
../src/dma_test.c:63:4: warning: implicit declaration of function 'SD_Transfer_read' [-Wimplicit-function-declaration]
    SD_Transfer_read(file_name,(u32)dest_str,12,number);
    ^~~~~~~~~~~~~~~~
../src/dma_test.c:73:16: warning: implicit declaration of function 'pow' [-Wimplicit-function-declaration]
    ff_fixed=ff*pow(2,15-(fixed_q-128));
                ^~~
../src/dma_test.c:73:16: warning: incompatible implicit declaration of built-in function 'pow'
../src/dma_test.c:73:16: note: include '<math.h>' or provide a declaration of 'pow'
../src/dma_test.c:103:15: warning: implicit declaration of function 'expf' [-Wimplicit-function-declaration]
     store_exp=expf(ff-max_tmp);
               ^~~~
../src/dma_test.c:103:15: warning: incompatible implicit declaration of built-in function 'expf'
../src/dma_test.c:103:15: note: include '<math.h>' or provide a declaration of 'expf'
../src/dma_test.c:123:8: warning: incompatible implicit declaration of built-in function 'expf'
    ff=(expf(ff-max_tmp))/sum;
        ^~~~
../src/dma_test.c:123:8: note: include '<math.h>' or provide a declaration of 'expf'
src/subdir.mk:21: recipe for target 'src/dma_test.o' failed
../src/dma_test.c:124:21: warning: incompatible implicit declaration of built-in function 'pow'
    c_model_fixed=ff*pow(2,16);
                     ^~~
../src/dma_test.c:124:21: note: include '<math.h>' or provide a declaration of 'pow'
../src/dma_test.c:125:17: warning: implicit declaration of function 'fabs' [-Wimplicit-function-declaration]
    fixed_result=fabs(fixed_result-c_model_fixed);
                 ^~~~
../src/dma_test.c:125:17: warning: incompatible implicit declaration of built-in function 'fabs'
../src/dma_test.c:125:17: note: include '<math.h>' or provide a declaration of 'fabs'
../src/dma_test.c:144:13: error: 'FILE_1' undeclared (first use in this function)
   file_name=FILE_1;
             ^~~~~~
../src/dma_test.c:165:16: warning: incompatible implicit declaration of built-in function 'pow'
    ff_fixed=ff*pow(2,15-(fixed_q-128));
                ^~~
../src/dma_test.c:165:16: note: include '<math.h>' or provide a declaration of 'pow'
../src/dma_test.c:195:15: warning: incompatible implicit declaration of built-in function 'expf'
     store_exp=expf(ff-max_tmp);
               ^~~~
../src/dma_test.c:195:15: note: include '<math.h>' or provide a declaration of 'expf'
../src/dma_test.c:215:8: warning: incompatible implicit declaration of built-in function 'expf'
    ff=(expf(ff-max_tmp))/sum;
        ^~~~
../src/dma_test.c:215:8: note: include '<math.h>' or provide a declaration of 'expf'
../src/dma_test.c:216:21: warning: incompatible implicit declaration of built-in function 'pow'
    c_model_fixed=ff*pow(2,16);
                     ^~~
../src/dma_test.c:216:21: note: include '<math.h>' or provide a declaration of 'pow'
../src/dma_test.c:217:17: warning: incompatible implicit declaration of built-in function 'fabs'
    fixed_result=fabs(fixed_result-c_model_fixed);
                 ^~~~
../src/dma_test.c:217:17: note: include '<math.h>' or provide a declaration of 'fabs'
../src/dma_test.c:239:13: error: 'FILE_5' undeclared (first use in this function)
   file_name=FILE_5;
             ^~~~~~
../src/dma_test.c:260:16: warning: incompatible implicit declaration of built-in function 'pow'
    ff_fixed=ff*pow(2,15-(fixed_q-128));
                ^~~
../src/dma_test.c:260:16: note: include '<math.h>' or provide a declaration of 'pow'
../src/dma_test.c:290:15: warning: incompatible implicit declaration of built-in function 'expf'
     store_exp=expf(ff-max_tmp);
               ^~~~
../src/dma_test.c:290:15: note: include '<math.h>' or provide a declaration of 'expf'
../src/dma_test.c:310:8: warning: incompatible implicit declaration of built-in function 'expf'
    ff=(expf(ff-max_tmp))/sum;
        ^~~~
../src/dma_test.c:310:8: note: include '<math.h>' or provide a declaration of 'expf'
../src/dma_test.c:311:21: warning: incompatible implicit declaration of built-in function 'pow'
    c_model_fixed=ff*pow(2,16);
                     ^~~
../src/dma_test.c:311:21: note: include '<math.h>' or provide a declaration of 'pow'
../src/dma_test.c:312:17: warning: incompatible implicit declaration of built-in function 'fabs'
    fixed_result=fabs(fixed_result-c_model_fixed);
                 ^~~~
../src/dma_test.c:312:17: note: include '<math.h>' or provide a declaration of 'fabs'
../src/dma_test.c:331:13: error: 'FILE_10' undeclared (first use in this function)
   file_name=FILE_10;
             ^~~~~~~
../src/dma_test.c:352:16: warning: incompatible implicit declaration of built-in function 'pow'
    ff_fixed=ff*pow(2,15-(fixed_q-128));
                ^~~
../src/dma_test.c:352:16: note: include '<math.h>' or provide a declaration of 'pow'
../src/dma_test.c:382:15: warning: incompatible implicit declaration of built-in function 'expf'
     store_exp=expf(ff-max_tmp);
               ^~~~
../src/dma_test.c:382:15: note: include '<math.h>' or provide a declaration of 'expf'
../src/dma_test.c:402:8: warning: incompatible implicit declaration of built-in function 'expf'
    ff=(expf(ff-max_tmp))/sum;
        ^~~~
../src/dma_test.c:402:8: note: include '<math.h>' or provide a declaration of 'expf'
../src/dma_test.c:403:21: warning: incompatible implicit declaration of built-in function 'pow'
    c_model_fixed=ff*pow(2,16);
                     ^~~
../src/dma_test.c:403:21: note: include '<math.h>' or provide a declaration of 'pow'
../src/dma_test.c:404:17: warning: incompatible implicit declaration of built-in function 'fabs'
    fixed_result=fabs(fixed_result-c_model_fixed);
                 ^~~~
../src/dma_test.c:404:17: note: include '<math.h>' or provide a declaration of 'fabs'
make: *** [src/dma_test.o] Error 1
23:33:32 **** Auto Build of configuration Debug for project test_dma ****
make pre-build main-build 
a9-linaro-pre-build-step
 
Building file: ../src/dma_test.c
Invoking: ARM v7 gcc compiler
arm-none-eabi-gcc -Wall -O0 -g3 -c -fmessage-length=0 -MT"src/dma_test.o" -mcpu=cortex-a9 -mfpu=vfpv3 -mfloat-abi=hard -I../../test_dma_bsp/ps7_cortexa9_0/include -MMD -MP -MF"src/dma_test.d" -MT"src/dma_test.o" -o "src/dma_test.o" "../src/dma_test.c"
../src/dma_test.c: In function 'disablecache':
../src/dma_test.c:16:2: warning: implicit declaration of function 'Xil_DCacheDisable' [-Wimplicit-function-declaration]
  Xil_DCacheDisable();
  ^~~~~~~~~~~~~~~~~
../src/dma_test.c:17:2: warning: implicit declaration of function 'Xil_ICacheDisable' [-Wimplicit-function-declaration]
  Xil_ICacheDisable();
  ^~~~~~~~~~~~~~~~~
Finished building: ../src/dma_test.c
 
Building target: test_dma.elf
Invoking: ARM v7 gcc linker
arm-none-eabi-gcc -mcpu=cortex-a9 -mfpu=vfpv3 -mfloat-abi=hard -Wl,-build-id=none -specs=Xilinx.spec -Wl,-T -Wl,../src/lscript.ld -L../../test_dma_bsp/ps7_cortexa9_0/lib -o "test_dma.elf"  ./src/dma_test.o   -Wl,--start-group,-lxil,-lgcc,-lc,--end-group
Finished building target: test_dma.elf
 
Invoking: ARM v7 Print Size
arm-none-eabi-size test_dma.elf  |tee "test_dma.elf.size"
   text	   data	    bss	    dec	    hex	filename
  29276	   1156	  22616	  53048	   cf38	test_dma.elf
Finished building: test_dma.elf.size
 
23:33:39 **** Auto Build of configuration Debug for project test_dma ****
make pre-build main-build 
a9-linaro-pre-build-step
 
Building file: ../src/dma_test.c
Invoking: ARM v7 gcc compiler
arm-none-eabi-gcc -Wall -O0 -g3 -c -fmessage-length=0 -MT"src/dma_test.o" -mcpu=cortex-a9 -mfpu=vfpv3 -mfloat-abi=hard -I../../test_dma_bsp/ps7_cortexa9_0/include -MMD -MP -MF"src/dma_test.d" -MT"src/dma_test.o" -o "src/dma_test.o" "../src/dma_test.c"
../src/dma_test.c: In function 'disablecache':
../src/dma_test.c:16:2: warning: implicit declaration of function 'Xil_DCacheDisable' [-Wimplicit-function-declaration]
  Xil_DCacheDisable();
  ^~~~~~~~~~~~~~~~~
../src/dma_test.c:17:2: warning: implicit declaration of function 'Xil_ICacheDisable' [-Wimplicit-function-declaration]
  Xil_ICacheDisable();
  ^~~~~~~~~~~~~~~~~
Finished building: ../src/dma_test.c
 
Building target: test_dma.elf
Invoking: ARM v7 gcc linker
arm-none-eabi-gcc -mcpu=cortex-a9 -mfpu=vfpv3 -mfloat-abi=hard -Wl,-build-id=none -specs=Xilinx.spec -Wl,-T -Wl,../src/lscript.ld -L../../test_dma_bsp/ps7_cortexa9_0/lib -o "test_dma.elf"  ./src/dma_test.o   -Wl,--start-group,-lxil,-lgcc,-lc,--end-group
Finished building target: test_dma.elf
 
Invoking: ARM v7 Print Size
arm-none-eabi-size test_dma.elf  |tee "test_dma.elf.size"
   text	   data	    bss	    dec	    hex	filename
  29276	   1156	  22616	  53048	   cf38	test_dma.elf
Finished building: test_dma.elf.size
 
23:35:01 **** Incremental Build of configuration Debug for project test_dma ****
make pre-build main-build 
a9-linaro-pre-build-step
 
make: Nothing to be done for 'main-build'.
