00:33:50 **** Build of configuration Debug for project test_dma ****
make pre-build main-build 
a9-linaro-pre-build-step
' '
'Building file: ../src/dma_test.c'
'Invoking: ARM v7 gcc compiler'
arm-none-eabi-gcc -Wall -O0 -g3 -c -fmessage-length=0 -MT"src/dma_test.o" -mcpu=cortex-a9 -mfpu=vfpv3 -mfloat-abi=hard -I../../test_dma_bsp/ps7_cortexa9_0/include -MMD -MP -MF"src/dma_test.d" -MT"src/dma_test.o" -o "src/dma_test.o" "../src/dma_test.c"
../src/dma_test.c: In function 'disablecache':
../src/dma_test.c:16:2: warning: implicit declaration of function 'Xil_DCacheDisable' [-Wimplicit-function-declaration]
  Xil_DCacheDisable();
  ^~~~~~~~~~~~~~~~~
../src/dma_test.c:17:2: warning: implicit declaration of function 'Xil_ICacheDisable' [-Wimplicit-function-declaration]
  Xil_ICacheDisable();
  ^~~~~~~~~~~~~~~~~
'Finished building: ../src/dma_test.c'
' '
'Building target: test_dma.elf'
'Invoking: ARM v7 gcc linker'
arm-none-eabi-gcc -mcpu=cortex-a9 -mfpu=vfpv3 -mfloat-abi=hard -Wl,-build-id=none -specs=Xilinx.spec -Wl,-T -Wl,../src/lscript.ld -L../../test_dma_bsp/ps7_cortexa9_0/lib -o "test_dma.elf"  ./src/dma_test.o   -Wl,--start-group,-lxil,-lgcc,-lc,--end-group
'Finished building target: test_dma.elf'
' '
'Invoking: ARM v7 Print Size'
arm-none-eabi-size test_dma.elf  |tee "test_dma.elf.size"
   text	   data	    bss	    dec	    hex	filename
  29276	   1156	  22616	  53048	   cf38	test_dma.elf
'Finished building: test_dma.elf.size'
' '

00:33:55 Build Finished (took 4s.596ms)

