#-----------------------------------------------------------
# Vivado v2017.4 (64-bit)
# SW Build 2086221 on Fri Dec 15 20:55:39 MST 2017
# IP Build 2085800 on Fri Dec 15 22:25:07 MST 2017
# Start of session at: Thu Jan 17 21:56:12 2019
# Process ID: 14004
# Current directory: D:/git/DMA-S2MM-and-MM2S/project/DMA_simulation/DMA_simulation.runs/myip_v1_0_bfm_1_AXI_LITE_master_IP_1_0_synth_1
# Command line: vivado.exe -log myip_v1_0_bfm_1_AXI_LITE_master_IP_1_0.vds -product Vivado -mode batch -messageDb vivado.pb -notrace -source myip_v1_0_bfm_1_AXI_LITE_master_IP_1_0.tcl
# Log file: D:/git/DMA-S2MM-and-MM2S/project/DMA_simulation/DMA_simulation.runs/myip_v1_0_bfm_1_AXI_LITE_master_IP_1_0_synth_1/myip_v1_0_bfm_1_AXI_LITE_master_IP_1_0.vds
# Journal file: D:/git/DMA-S2MM-and-MM2S/project/DMA_simulation/DMA_simulation.runs/myip_v1_0_bfm_1_AXI_LITE_master_IP_1_0_synth_1\vivado.jou
#-----------------------------------------------------------
source myip_v1_0_bfm_1_AXI_LITE_master_IP_1_0.tcl -notrace
