#-----------------------------------------------------------
# Vivado v2017.4 (64-bit)
# SW Build 2086221 on Fri Dec 15 20:55:39 MST 2017
# IP Build 2085800 on Fri Dec 15 22:25:07 MST 2017
# Start of session at: Thu Jan 17 22:26:36 2019
# Process ID: 19316
# Current directory: D:/git/DMA-S2MM-and-MM2S/project/DMA_simulation
# Command line: vivado.exe -gui_launcher_event rodinguilauncherevent10212 D:\git\DMA-S2MM-and-MM2S\project\DMA_simulation\DMA_simulation.xpr
# Log file: D:/git/DMA-S2MM-and-MM2S/project/DMA_simulation/vivado.log
# Journal file: D:/git/DMA-S2MM-and-MM2S/project/DMA_simulation\vivado.jou
#-----------------------------------------------------------
start_gui
open_project D:/git/DMA-S2MM-and-MM2S/project/DMA_simulation/DMA_simulation.xpr
update_compile_order -fileset sources_1
launch_simulation
open_wave_config D:/git/DMA-S2MM-and-MM2S/project/DMA_simulation/myip_v1_0_tb_behav.wcfg
source myip_v1_0_tb.tcl
add_wave {{/myip_v1_0_tb/DUT/myip_v1_0_bfm_1_i/User_DMA_0/m_axi_full_s2mm_done}} {{/myip_v1_0_tb/DUT/myip_v1_0_bfm_1_i/User_DMA_0/m_axi_full_mm2s_done}} 
relaunch_sim
open_bd_design {D:/git/DMA-S2MM-and-MM2S/project/DMA_simulation/DMA_simulation.srcs/sources_1/bd/myip_v1_0_bfm_1/myip_v1_0_bfm_1.bd}
save_wave_config {D:/git/DMA-S2MM-and-MM2S/project/DMA_simulation/myip_v1_0_tb_behav.wcfg}
close_sim
close_project
open_project D:/文件/prj/move_end/Miz_sys.xpr
update_compile_order -fileset sources_1
open_bd_design {D:/文件/prj/move_end/Miz_sys.srcs/sources_1/bd/system/system.bd}
open_bd_design {D:/文件/prj/move_end/Miz_sys.srcs/sources_1/bd/system/system.bd}
