#-----------------------------------------------------------
# Vivado v2016.4 (64-bit)
# SW Build 1733598 on Wed Dec 14 22:35:39 MST 2016
# IP Build 1731160 on Wed Dec 14 23:47:21 MST 2016
# Start of session at: Tue Dec 19 15:40:40 2017
# Process ID: 48648
# Current directory: F:/MZ7X/MZ701-MINI/S03/S03_CH03_AXI_DMA_OV7725_HDMI/Miz_sys
# Command line: vivado.exe -gui_launcher_event rodinguilauncherevent43508 F:\MZ7X\MZ701-MINI\S03\S03_CH03_AXI_DMA_OV7725_HDMI\Miz_sys\Miz_sys.xpr
# Log file: F:/MZ7X/MZ701-MINI/S03/S03_CH03_AXI_DMA_OV7725_HDMI/Miz_sys/vivado.log
# Journal file: F:/MZ7X/MZ701-MINI/S03/S03_CH03_AXI_DMA_OV7725_HDMI/Miz_sys\vivado.jou
#-----------------------------------------------------------
start_gui
open_project F:/MZ7X/MZ701-MINI/S03/S03_CH03_AXI_DMA_OV7725_HDMI/Miz_sys/Miz_sys.xpr
open_bd_design {F:/MZ7X/MZ701-MINI/S03/S03_CH03_AXI_DMA_OV7725_HDMI/Miz_sys/Miz_sys.srcs/sources_1/bd/system/system.bd}
startgroup
set_property -dict [list CONFIG.PCW_UIPARAM_DDR_PARTNO {MT41K128M16 JT-125}] [get_bd_cells processing_system7_0]
endgroup
open_bd_design {F:/MZ7X/MZ701-MINI/S03/S03_CH03_AXI_DMA_OV7725_HDMI/Miz_sys/Miz_sys.srcs/sources_1/bd/system/system.bd}
generate_target all [get_files  F:/MZ7X/MZ701-MINI/S03/S03_CH03_AXI_DMA_OV7725_HDMI/Miz_sys/Miz_sys.srcs/sources_1/bd/system/system.bd]
export_ip_user_files -of_objects [get_files F:/MZ7X/MZ701-MINI/S03/S03_CH03_AXI_DMA_OV7725_HDMI/Miz_sys/Miz_sys.srcs/sources_1/bd/system/system.bd] -no_script -sync -force -quiet
create_ip_run [get_files -of_objects [get_fileset sources_1] F:/MZ7X/MZ701-MINI/S03/S03_CH03_AXI_DMA_OV7725_HDMI/Miz_sys/Miz_sys.srcs/sources_1/bd/system/system.bd]
launch_runs -jobs 8 {system_processing_system7_0_0_synth_1 system_auto_pc_0_synth_1 system_auto_us_0_synth_1 system_auto_us_1_synth_1 system_auto_pc_1_synth_1}
export_simulation -of_objects [get_files F:/MZ7X/MZ701-MINI/S03/S03_CH03_AXI_DMA_OV7725_HDMI/Miz_sys/Miz_sys.srcs/sources_1/bd/system/system.bd] -directory F:/MZ7X/MZ701-MINI/S03/S03_CH03_AXI_DMA_OV7725_HDMI/Miz_sys/Miz_sys.ip_user_files/sim_scripts -ip_user_files_dir F:/MZ7X/MZ701-MINI/S03/S03_CH03_AXI_DMA_OV7725_HDMI/Miz_sys/Miz_sys.ip_user_files -ipstatic_source_dir F:/MZ7X/MZ701-MINI/S03/S03_CH03_AXI_DMA_OV7725_HDMI/Miz_sys/Miz_sys.ip_user_files/ipstatic -lib_map_path [list {modelsim=F:/MZ7X/MZ701-MINI/S03/S03_CH03_AXI_DMA_OV7725_HDMI/Miz_sys/Miz_sys.cache/compile_simlib/modelsim} {questa=F:/MZ7X/MZ701-MINI/S03/S03_CH03_AXI_DMA_OV7725_HDMI/Miz_sys/Miz_sys.cache/compile_simlib/questa} {riviera=F:/MZ7X/MZ701-MINI/S03/S03_CH03_AXI_DMA_OV7725_HDMI/Miz_sys/Miz_sys.cache/compile_simlib/riviera} {activehdl=F:/MZ7X/MZ701-MINI/S03/S03_CH03_AXI_DMA_OV7725_HDMI/Miz_sys/Miz_sys.cache/compile_simlib/activehdl}] -use_ip_compiled_libs -force -quiet
reset_run synth_1
launch_runs impl_1 -to_step write_bitstream -jobs 8
wait_on_run impl_1
file copy -force F:/MZ7X/MZ701-MINI/S03/S03_CH03_AXI_DMA_OV7725_HDMI/Miz_sys/Miz_sys.runs/impl_1/system_wrapper.sysdef F:/MZ7X/MZ701-MINI/S03/S03_CH03_AXI_DMA_OV7725_HDMI/Miz_sys/Miz_sys.sdk/system_wrapper.hdf

launch_sdk -workspace F:/MZ7X/MZ701-MINI/S03/S03_CH03_AXI_DMA_OV7725_HDMI/Miz_sys/Miz_sys.sdk -hwspec F:/MZ7X/MZ701-MINI/S03/S03_CH03_AXI_DMA_OV7725_HDMI/Miz_sys/Miz_sys.sdk/system_wrapper.hdf
file copy -force F:/MZ7X/MZ701-MINI/S03/S03_CH03_AXI_DMA_OV7725_HDMI/Miz_sys/Miz_sys.runs/impl_1/system_wrapper.sysdef F:/MZ7X/MZ701-MINI/S03/S03_CH03_AXI_DMA_OV7725_HDMI/Miz_sys/Miz_sys.sdk/system_wrapper.hdf

launch_sdk -workspace F:/MZ7X/MZ701-MINI/S03/S03_CH03_AXI_DMA_OV7725_HDMI/Miz_sys/Miz_sys.sdk -hwspec F:/MZ7X/MZ701-MINI/S03/S03_CH03_AXI_DMA_OV7725_HDMI/Miz_sys/Miz_sys.sdk/system_wrapper.hdf
